Prepared sign router with 4096 clusters
Prepared sign router with 8192 clusters
Prepared sign router with 16 clusters
Running 61 settings × 3 processes.
1/183 keys N=1000000 complete
2/183 branch N=1000000 complete
3/183 branch N=1000000 complete
4/183 keys N=1000000 complete
5/183 scan N=1000000 complete
6/183 keys N=1000000 complete
7/183 scan N=1000000 complete
8/183 branch N=1000000 complete
9/183 branch N=1000000 complete
10/183 branch N=1000000 complete
11/183 keys N=1000000 complete
12/183 keys N=1000000 complete
13/183 branch N=1000000 complete
14/183 branch N=1000000 complete
15/183 keys N=1000000 complete
16/183 scan N=1000000 complete
17/183 keys N=1000000 complete
18/183 branch N=1000000 complete
19/183 scan N=1000000 complete
20/183 keys N=1000000 complete
21/183 branch N=1000000 complete
22/183 branch N=1000000 complete
23/183 keys N=1000000 complete
24/183 keys N=1000000 complete
25/183 branch N=1000000 complete
26/183 branch N=1000000 complete
27/183 keys N=1000000 complete
28/183 scan N=1000000 complete
29/183 branch N=1000000 complete
30/183 keys N=1000000 complete
31/183 scan N=1000000 complete
32/183 keys N=1000000 complete
33/183 branch N=1000000 complete
34/183 keys N=1000000 complete
35/183 keys N=1000000 complete
36/183 branch N=1000000 complete
37/183 branch N=1000000 complete
38/183 branch N=1000000 complete
39/183 keys N=1000000 complete
40/183 branch N=1000000 complete
41/183 branch N=1000000 complete
42/183 scan N=1000000 complete
43/183 branch N=1000000 complete
44/183 branch N=1000000 complete
45/183 branch N=1000000 complete
46/183 branch N=1000000 complete
47/183 branch N=1000000 complete
48/183 keys N=1000000 complete
49/183 keys N=1000000 complete
50/183 scan N=1000000 complete
51/183 branch N=1000000 complete
52/183 branch N=1000000 complete
53/183 keys N=1000000 complete
54/183 scan N=1000000 complete
55/183 branch N=1000000 complete
56/183 branch N=1000000 complete
57/183 branch N=1000000 complete
58/183 branch N=1000000 complete
59/183 branch N=1000000 complete
60/183 scan N=1000000 complete
61/183 keys N=1000000 complete
62/183 scan N=1000000 complete
63/183 keys N=1000000 complete
64/183 branch N=1000000 complete
65/183 branch N=1000000 complete
66/183 branch N=1000000 complete
67/183 branch N=1000000 complete
68/183 branch N=1000000 complete
69/183 scan N=1000000 complete
70/183 branch N=1000000 complete
71/183 branch N=1000000 complete
72/183 keys N=1000000 complete
73/183 keys N=1000000 complete
74/183 keys N=1000000 complete
75/183 keys N=1000000 complete
76/183 branch N=1000000 complete
77/183 branch N=1000000 complete
78/183 branch N=1000000 complete
79/183 keys N=1000000 complete
80/183 branch N=1000000 complete
81/183 keys N=1000000 complete
82/183 branch N=1000000 complete
83/183 scan N=1000000 complete
84/183 keys N=1000000 complete
85/183 branch N=1000000 complete
86/183 keys N=1000000 complete
87/183 branch N=1000000 complete
88/183 keys N=1000000 complete
89/183 keys N=1000000 complete
90/183 scan N=1000000 complete
91/183 scan N=1000000 complete
92/183 branch N=1000000 complete
93/183 branch N=1000000 complete
94/183 branch N=1000000 complete
95/183 branch N=1000000 complete
96/183 scan N=1000000 complete
97/183 branch N=1000000 complete
98/183 keys N=1000000 complete
99/183 keys N=1000000 complete
100/183 keys N=1000000 complete
101/183 keys N=1000000 complete
102/183 branch N=1000000 complete
103/183 branch N=1000000 complete
104/183 keys N=1000000 complete
105/183 branch N=1000000 complete
106/183 branch N=1000000 complete
107/183 keys N=1000000 complete
108/183 branch N=1000000 complete
109/183 branch N=1000000 complete
110/183 branch N=1000000 complete
111/183 branch N=1000000 complete
112/183 branch N=1000000 complete
113/183 branch N=1000000 complete
114/183 scan N=1000000 complete
115/183 keys N=1000000 complete
116/183 keys N=1000000 complete
117/183 keys N=1000000 complete
118/183 branch N=1000000 complete
119/183 branch N=1000000 complete
120/183 branch N=1000000 complete
121/183 branch N=1000000 complete
122/183 keys N=1000000 complete
123/183 scan N=1000000 complete
124/183 branch N=1000000 complete
125/183 keys N=1000000 complete
126/183 keys N=1000000 complete
127/183 branch N=1000000 complete
128/183 branch N=1000000 complete
129/183 scan N=1000000 complete
130/183 branch N=1000000 complete
131/183 keys N=1000000 complete
132/183 branch N=1000000 complete
133/183 keys N=1000000 complete
134/183 scan N=1000000 complete
135/183 keys N=1000000 complete
136/183 keys N=1000000 complete
137/183 scan N=1000000 complete
138/183 scan N=1000000 complete
139/183 branch N=1000000 complete
140/183 branch N=1000000 complete
141/183 keys N=1000000 complete
142/183 keys N=1000000 complete
143/183 keys N=1000000 complete
144/183 branch N=1000000 complete
145/183 branch N=1000000 complete
146/183 branch N=1000000 complete
147/183 scan N=1000000 complete
148/183 keys N=1000000 complete
149/183 branch N=1000000 complete
150/183 branch N=1000000 complete
151/183 keys N=1000000 complete
152/183 branch N=1000000 complete
153/183 keys N=1000000 complete
154/183 branch N=1000000 complete
155/183 branch N=1000000 complete
156/183 branch N=1000000 complete
157/183 branch N=1000000 complete
158/183 branch N=1000000 complete
159/183 keys N=1000000 complete
160/183 keys N=1000000 complete
161/183 keys N=1000000 complete
162/183 scan N=1000000 complete
163/183 branch N=1000000 complete
164/183 keys N=1000000 complete
165/183 branch N=1000000 complete
166/183 keys N=1000000 complete
167/183 branch N=1000000 complete
168/183 keys N=1000000 complete
169/183 branch N=1000000 complete
170/183 keys N=1000000 complete
171/183 keys N=1000000 complete
172/183 scan N=1000000 complete
173/183 keys N=1000000 complete
174/183 branch N=1000000 complete
175/183 branch N=1000000 complete
176/183 branch N=1000000 complete
177/183 scan N=1000000 complete
178/183 keys N=1000000 complete
179/183 keys N=1000000 complete
180/183 scan N=1000000 complete
181/183 keys N=1000000 complete
182/183 branch N=1000000 complete
183/183 keys N=1000000 complete
Saved 61 settings; 9 eligible method/example choices; 0 failed processes.
