Measuring 189 settings on 200 queries.
1/189 branch N=1000000 complete
2/189 branch N=1000000 complete
3/189 scan N=1000000 complete
4/189 keys N=1000000 complete
5/189 branch N=1000000 complete
6/189 keys N=1000000 complete
7/189 keys N=1000000 complete
8/189 branch N=1000000 complete
9/189 branch N=1000000 complete
10/189 keys N=1000000 complete
11/189 branch N=1000000 complete
12/189 branch N=1000000 complete
13/189 branch N=1000000 complete
14/189 keys N=1000000 complete
15/189 branch N=1000000 complete
16/189 keys N=1000000 complete
17/189 keys N=1000000 complete
18/189 keys N=1000000 complete
19/189 scan N=1000000 complete
20/189 keys N=1000000 complete
21/189 branch N=1000000 complete
22/189 keys N=1000000 complete
23/189 scan N=1000000 complete
24/189 branch N=1000000 complete
25/189 keys N=1000000 complete
26/189 keys N=1000000 complete
27/189 branch N=1000000 complete
28/189 keys N=1000000 complete
29/189 keys N=1000000 complete
30/189 branch N=1000000 complete
31/189 scan N=1000000 complete
32/189 branch N=1000000 complete
33/189 branch N=1000000 complete
34/189 keys N=1000000 complete
35/189 scan N=1000000 complete
36/189 branch N=1000000 complete
37/189 branch N=1000000 complete
38/189 branch N=1000000 complete
39/189 scan N=1000000 complete
40/189 branch N=1000000 complete
41/189 branch N=1000000 complete
42/189 scan N=1000000 complete
43/189 keys N=1000000 complete
44/189 branch N=1000000 complete
45/189 branch N=1000000 complete
46/189 keys N=1000000 complete
47/189 keys N=1000000 complete
48/189 branch N=1000000 complete
49/189 branch N=1000000 complete
50/189 branch N=1000000 complete
51/189 branch N=1000000 complete
52/189 branch N=1000000 complete
53/189 keys N=1000000 complete
54/189 scan N=1000000 complete
55/189 keys N=1000000 complete
56/189 keys N=1000000 complete
57/189 branch N=1000000 complete
58/189 keys N=1000000 complete
59/189 keys N=1000000 complete
60/189 keys N=1000000 complete
61/189 branch N=1000000 complete
62/189 branch N=1000000 complete
63/189 branch N=1000000 complete
64/189 scan N=1000000 complete
65/189 keys N=1000000 complete
66/189 scan N=1000000 complete
67/189 branch N=1000000 complete
68/189 branch N=1000000 complete
69/189 branch N=1000000 complete
70/189 scan N=1000000 complete
71/189 branch N=1000000 complete
72/189 keys N=1000000 complete
73/189 branch N=1000000 complete
74/189 scan N=1000000 complete
75/189 keys N=1000000 complete
76/189 branch N=1000000 complete
77/189 keys N=1000000 complete
78/189 branch N=1000000 complete
79/189 branch N=1000000 complete
80/189 branch N=1000000 complete
81/189 branch N=1000000 complete
82/189 branch N=1000000 complete
83/189 branch N=1000000 complete
84/189 branch N=1000000 complete
85/189 keys N=1000000 complete
86/189 branch N=1000000 complete
87/189 keys N=1000000 complete
88/189 branch N=1000000 complete
89/189 branch N=1000000 complete
90/189 branch N=1000000 complete
91/189 branch N=1000000 complete
92/189 branch N=1000000 complete
93/189 keys N=1000000 complete
94/189 branch N=1000000 complete
95/189 scan N=1000000 complete
96/189 branch N=1000000 complete
97/189 branch N=1000000 complete
98/189 keys N=1000000 complete
99/189 branch N=1000000 complete
100/189 branch N=1000000 complete
101/189 branch N=1000000 complete
102/189 keys N=1000000 complete
103/189 branch N=1000000 complete
104/189 branch N=1000000 complete
105/189 branch N=1000000 complete
106/189 keys N=1000000 complete
107/189 branch N=1000000 complete
108/189 branch N=1000000 complete
109/189 keys N=1000000 complete
110/189 branch N=1000000 complete
111/189 keys N=1000000 complete
112/189 keys N=1000000 complete
113/189 keys N=1000000 complete
114/189 branch N=1000000 complete
115/189 branch N=1000000 complete
116/189 keys N=1000000 complete
117/189 keys N=1000000 complete
118/189 keys N=1000000 complete
119/189 branch N=1000000 complete
120/189 branch N=1000000 complete
121/189 keys N=1000000 complete
122/189 branch N=1000000 complete
123/189 keys N=1000000 complete
124/189 branch N=1000000 complete
125/189 keys N=1000000 complete
126/189 keys N=1000000 complete
127/189 scan N=1000000 complete
128/189 branch N=1000000 complete
129/189 scan N=1000000 complete
130/189 keys N=1000000 complete
131/189 branch N=1000000 complete
132/189 keys N=1000000 complete
133/189 branch N=1000000 complete
134/189 keys N=1000000 complete
135/189 branch N=1000000 complete
136/189 scan N=1000000 complete
137/189 branch N=1000000 complete
138/189 branch N=1000000 complete
139/189 branch N=1000000 complete
140/189 branch N=1000000 complete
141/189 keys N=1000000 complete
142/189 branch N=1000000 complete
143/189 branch N=1000000 complete
144/189 keys N=1000000 complete
145/189 branch N=1000000 complete
146/189 branch N=1000000 complete
147/189 branch N=1000000 complete
148/189 keys N=1000000 complete
149/189 keys N=1000000 complete
150/189 keys N=1000000 complete
151/189 scan N=1000000 complete
152/189 branch N=1000000 complete
153/189 keys N=1000000 complete
154/189 branch N=1000000 complete
155/189 branch N=1000000 complete
156/189 scan N=1000000 complete
157/189 branch N=1000000 complete
158/189 keys N=1000000 complete
159/189 keys N=1000000 complete
160/189 branch N=1000000 complete
161/189 branch N=1000000 complete
162/189 branch N=1000000 complete
163/189 branch N=1000000 complete
164/189 branch N=1000000 complete
165/189 branch N=1000000 complete
166/189 scan N=1000000 complete
167/189 keys N=1000000 complete
168/189 branch N=1000000 complete
169/189 branch N=1000000 complete
170/189 branch N=1000000 complete
171/189 branch N=1000000 complete
172/189 branch N=1000000 complete
173/189 branch N=1000000 complete
174/189 branch N=1000000 complete
175/189 branch N=1000000 complete
176/189 branch N=1000000 complete
177/189 keys N=1000000 complete
178/189 branch N=1000000 complete
179/189 branch N=1000000 complete
180/189 scan N=1000000 complete
181/189 branch N=1000000 complete
182/189 branch N=1000000 complete
183/189 scan N=1000000 complete
184/189 keys N=1000000 complete
185/189 branch N=1000000 complete
186/189 keys N=1000000 complete
187/189 keys N=1000000 complete
188/189 keys N=1000000 complete
189/189 keys N=1000000 complete
189 settings, 189 complete, 0 failed; 12 selected rows.
